 mm1,mm2,mmx,mmxe                  8388608                  8388608 
     10485760     10485760
 tmm, mm, mme                  8388608      2097152      2097152
    6216.547251245142        6.6708533673633355E-016   2.6624993402525228E-002
 dt,beta=    0.1000000000000000        1.0004530489142908E-002
 amp,vpp,yd0 =    1.0000000000000000E-004    0.000000000000000      
    0.000000000000000     
 peritr,ifluid=             0            1
 tor,nonlin=     1.000000000000000                 1            0
 isuni=             0 amie=     1800.000000000000     
 kxcut,kycut,bcut=     43.22066565823636         35.44090550502345      
   1.0000000000000000E+020
 fradi,isg=     0.000000000000000         0.000000000000000     
 llk,mlk,onemd =            0            1            0
 vwidth (i,e), vcut=     8.000000000000000         8.000000000000000      
    15.00000000000000     
 rneu=     0.000000000000000     
 V-ExB switch=     0.000000000000000     
 V-parallel switch=     0.000000000000000     
 mm1=                   8388608
 pzcrite,encrit =    1.3069549992157963E-006    1.000000000000000     
 nue0 =     1.000000000000000         1.000000000000000      
    1.000000000000000     
 xn0e(1),xnir0 =     1.000000000000000         0.000000000000000     
 frequ, eru =     0.000000000000000         0.000000000000000     
 lxa,lymult,delra,r0a,rina,routa=   3.6630036630036632E-002 
    200.0000000000000        5.0000000000000003E-002   0.5000000000000000      
   0.4816849816849817        0.5183150183150184     
 a,r0,rmaj0,q0,lx,ly,lz=    254.3953059755219         127.1976529877610      
    706.7101600000000         1.400000000000000         9.318509376392745      
    2.854308658430098         6216.547251245148     
 t0,kyrhoi_local=   0.4997735781230402         2.200800000000000     
 coefu =     0.000000000000000     
 ktheta*rhos =     2.200800000000000     
 cs/a, q0, q0p, s^hat =    1.9650000000000002E-003    1.400000000000000      
   8.5850640664342504E-003   0.7799999999999999     
 rho* = rhos/a =    3.9300000000000003E-003
 lr(1),lr(2),lr_e=            4            4            4
 lxa min =    2.2893772893772895E-003
 t0i(nr/2)=    0.4997735781230402     
 Gyrokrs =     2.164859274193651     
 totvol,jacp,dum2=    165347.6716665714         4096.013801050789      
    4096.013801050789     
 parperp2 warning  m=        823543
 parperp2 warning  m=       1647086
 parperp2 warning  m=        823543
 parperp2 warning  m=       1647086
     0.00   0.577E-06   0.234E-08   0.000E+00   0.000E+00   0.000E+00   0.000E+00   0.000E+00   0.000E+00   0.704E-02  -0.130E-01   0.148E-01
     0.10   0.577E-06   0.234E-08  -0.211E-12  -0.370E-12   0.111E-16  -0.783E-14   0.500E-04   0.500E-04   0.705E-02  -0.130E-01   0.148E-01
     0.20   0.577E-06   0.234E-08  -0.208E-12  -0.339E-12   0.118E-14   0.984E-14   0.500E-04   0.500E-04   0.706E-02  -0.130E-01   0.148E-01
     0.30   0.577E-06   0.234E-08  -0.205E-12  -0.305E-12   0.442E-15   0.391E-13   0.500E-04   0.500E-04   0.709E-02  -0.130E-01   0.148E-01
     0.40   0.577E-06   0.234E-08  -0.203E-12  -0.275E-12  -0.287E-14   0.564E-13   0.500E-04   0.500E-04   0.708E-02  -0.130E-01   0.148E-01
     0.50   0.577E-06   0.234E-08  -0.200E-12  -0.243E-12  -0.944E-15   0.761E-13   0.500E-04   0.500E-04   0.709E-02  -0.130E-01   0.148E-01
     0.60   0.577E-06   0.234E-08  -0.197E-12  -0.208E-12  -0.278E-14   0.836E-13   0.500E-04   0.500E-04   0.713E-02  -0.130E-01   0.148E-01
     0.70   0.577E-06   0.234E-08  -0.190E-12  -0.173E-12  -0.132E-14   0.103E-12   0.500E-04   0.500E-04   0.713E-02  -0.130E-01   0.148E-01
     0.80   0.577E-06   0.234E-08  -0.180E-12  -0.132E-12   0.694E-14   0.130E-12   0.500E-04   0.500E-04   0.716E-02  -0.130E-01   0.148E-01
     0.90   0.577E-06   0.234E-08  -0.174E-12  -0.959E-13   0.798E-14   0.147E-12   0.500E-04   0.500E-04   0.715E-02  -0.130E-01   0.148E-01
 parperp2 warning  m=        373476
 parperp2 warning  m=        373477
 parperp2 warning  m=       1197019
 parperp2 warning  m=       1197020
 parperp2 warning  m=       2020562
 parperp2 warning  m=       2020563
 parperp2 warning  m=        373476
 parperp2 warning  m=        373477
 parperp2 warning  m=       1197019
 parperp2 warning  m=       1197020
 parperp2 warning  m=       2020562
 parperp2 warning  m=       2020563
 parperp2 warning  m=        296888
 parperp2 warning  m=       1120431
 parperp2 warning  m=       1943973
 parperp2 warning  m=       1943974
 parperp2 warning  m=        296888
 parperp2 warning  m=       1120431
 parperp2 warning  m=       1943973
 parperp2 warning  m=       1943974
 parperp2 warning  m=        746953
 parperp2 warning  m=       1570496
 parperp2 warning  m=       1570497
 parperp2 warning  m=        746953
 parperp2 warning  m=       1570496
 parperp2 warning  m=       1570497
